// Jest Snapshot v1, https://goo.gl/fbAQLP

exports[`Question Snapshot test 1`] = `
<div
  className="container"
>
  <div
    className="Countdown-time"
  >
    Timer : 
    10
     : 
    00
  </div>
  <div
    className="questions"
  >
    <h4
      id="question"
    >
      Question 
      01
       : 
      What is ReactJs in MVC?
    </h4>
    <div
      id=""
    >
      <div
        className="radio"
      />
    </div>
    <button
      className="questionaireButton btn btn-info"
      disabled={false}
      onClick={
        Object {
          "push": [Function],
        }
      }
      type="button"
    >
      Previous
    </button>
    <button
      className="questionaireButton btn btn-info"
      disabled={false}
      onClick={
        Object {
          "push": [Function],
        }
      }
      type="button"
    >
      Next
    </button>
    <button
      className="questionaireButton btn btn-info"
      disabled={false}
      id="submitTest"
      onClick={
        Object {
          "push": [Function],
        }
      }
      type="button"
    >
      Submit Test
    </button>
  </div>
</div>
`;
